<?xml version="1.0" encoding="utf-8"?><testsuites><testsuite name="pytest" errors="0" failures="0" skipped="0" tests="3" time="6.194" timestamp="2024-12-21T10:06:52.715862+08:00" hostname="Ubuntu20"><testcase classname="toyllm.tokenizer" name="toyllm.tokenizer.text_to_token_ids" file="toyllm/tokenizer.py" line="19" time="0.005" /><testcase classname="toyllm.tokenizer" name="toyllm.tokenizer.token_ids_to_text" file="toyllm/tokenizer.py" line="33" time="0.001" /><testcase classname="tests.test_device" name="test_device" file="tests/test_device.py" line="3" time="0.001" /></testsuite></testsuites>
